node:events:486
      throw er; // Unhandled 'error' event
      ^

Error: listen EADDRINUSE: address already in use :::4040
    at Server.setupListenHandle [as _listen2] (node:net:1940:16)
    at listenInCluster (node:net:1997:12)
    at Server.listen (node:net:2102:7)
    at <anonymous> (/mnt/c/dev/WORK/atomic/node/file-system-server/fs-serv.ts:365:8)
    at Object.<anonymous> (/mnt/c/dev/WORK/atomic/node/file-system-server/fs-serv.ts:368:2)
    at Module._compile (node:internal/modules/cjs/loader:1760:14)
    at Object.transformer (/mnt/c/dev/WORK/atomic/node/file-system-server/node_modules/tsx/dist/register-D46fvsV_.cjs:3:1104)
    at Module.load (node:internal/modules/cjs/loader:1480:32)
    at Module._load (node:internal/modules/cjs/loader:1299:12)
    at TracingChannel.traceSync (node:diagnostics_channel:328:14)
Emitted 'error' event on Server instance at:
    at emitErrorNT (node:net:1976:8)
    at process.processTicksAndRejections (node:internal/process/task_queues:89:21) {
  code: 'EADDRINUSE',
  errno: -98,
  syscall: 'listen',
  address: '::',
  port: 4040
}

Node.js v25.2.1
